Archive member included because of file (symbol)

C:/Users/rohir/OneDrive/Documents/a9g/a9g_gps_tracker/a9g_gps_tracker/firmware/build/app/init/lib\libinit_debug.a(sdk_init.o)
                              (user_Main)
C:/Users/rohir/OneDrive/Documents/a9g/a9g_gps_tracker/a9g_gps_tracker/firmware/build/app/app/lib\libapp_debug.a(app.o)
                              C:/Users/rohir/OneDrive/Documents/a9g/a9g_gps_tracker/a9g_gps_tracker/firmware/build/app/init/lib\libinit_debug.a(sdk_init.o) (app_Main)

Allocating common symbols
Common symbol       size              file

temp000___          0x4               C:/Users/rohir/OneDrive/Documents/a9g/a9g_gps_tracker/a9g_gps_tracker/firmware/build/app/init/lib\libinit_debug.a(sdk_init.o)

Discarded input sections

 .text          0x0000000000000000        0x0 C:/Users/rohir/OneDrive/Documents/a9g/a9g_gps_tracker/a9g_gps_tracker/firmware/build/app/init/lib\libinit_debug.a(sdk_init.o)
 .data          0x0000000000000000        0x0 C:/Users/rohir/OneDrive/Documents/a9g/a9g_gps_tracker/a9g_gps_tracker/firmware/build/app/init/lib\libinit_debug.a(sdk_init.o)
 .bss           0x0000000000000000        0x0 C:/Users/rohir/OneDrive/Documents/a9g/a9g_gps_tracker/a9g_gps_tracker/firmware/build/app/init/lib\libinit_debug.a(sdk_init.o)
 .pdr           0x0000000000000000       0x40 C:/Users/rohir/OneDrive/Documents/a9g/a9g_gps_tracker/a9g_gps_tracker/firmware/build/app/init/lib\libinit_debug.a(sdk_init.o)
 .text          0x0000000000000000        0x0 C:/Users/rohir/OneDrive/Documents/a9g/a9g_gps_tracker/a9g_gps_tracker/firmware/build/app/app/lib\libapp_debug.a(app.o)
 .data          0x0000000000000000        0x0 C:/Users/rohir/OneDrive/Documents/a9g/a9g_gps_tracker/a9g_gps_tracker/firmware/build/app/app/lib\libapp_debug.a(app.o)
 .bss           0x0000000000000000        0x0 C:/Users/rohir/OneDrive/Documents/a9g/a9g_gps_tracker/a9g_gps_tracker/firmware/build/app/app/lib\libapp_debug.a(app.o)
 .reginfo       0x0000000000000000       0x18 C:/Users/rohir/OneDrive/Documents/a9g/a9g_gps_tracker/a9g_gps_tracker/firmware/build/app/app/lib\libapp_debug.a(app.o)
 .pdr           0x0000000000000000       0x80 C:/Users/rohir/OneDrive/Documents/a9g/a9g_gps_tracker/a9g_gps_tracker/firmware/build/app/app/lib\libapp_debug.a(app.o)
 .text.EventDispatch
                0x0000000000000000        0x4 C:/Users/rohir/OneDrive/Documents/a9g/a9g_gps_tracker/a9g_gps_tracker/firmware/build/app/app/lib\libapp_debug.a(app.o)

Memory Configuration

Name             Origin             Length             Attributes
*default*        0x0000000000000000 0xffffffffffffffff

Linker script and memory map

LOAD C:/Users/rohir/OneDrive/Documents/a9g/a9g_gps_tracker/a9g_gps_tracker/firmware/platform/chip/rom/8955/lib/mem_bridge_rom_CHIP.elf
                0xffffffff88240000                . = 0xffffffff88240000
                0xffffffff88240000                __rom_start = .

.section_init   0xffffffff88240000       0x10
 *(.section_init)
 .section_init  0xffffffff88240000        0x8 C:/Users/rohir/OneDrive/Documents/a9g/a9g_gps_tracker/a9g_gps_tracker/firmware/build/app/init/lib\libinit_debug.a(sdk_init.o)
                0xffffffff88240010                . = ALIGN (0x10)
 *fill*         0xffffffff88240008        0x8 00

.cust_rotext    0xffffffff88240010      0x230
 *(.text)
 *(.text.*)
 .text.user_Main
                0xffffffff88240010       0x1c C:/Users/rohir/OneDrive/Documents/a9g/a9g_gps_tracker/a9g_gps_tracker/firmware/build/app/init/lib\libinit_debug.a(sdk_init.o)
                0xffffffff88240011                user_Main
 .text.user_Init
                0xffffffff8824002c       0x48 C:/Users/rohir/OneDrive/Documents/a9g/a9g_gps_tracker/a9g_gps_tracker/firmware/build/app/init/lib\libinit_debug.a(sdk_init.o)
                0xffffffff8824002d                user_Init
 .text.GPIO_TestTask
                0xffffffff88240074       0xf4 C:/Users/rohir/OneDrive/Documents/a9g/a9g_gps_tracker/a9g_gps_tracker/firmware/build/app/app/lib\libapp_debug.a(app.o)
                0xffffffff88240075                GPIO_TestTask
 .text.MainTask
                0xffffffff88240168       0x74 C:/Users/rohir/OneDrive/Documents/a9g/a9g_gps_tracker/a9g_gps_tracker/firmware/build/app/app/lib\libapp_debug.a(app.o)
                0xffffffff88240169                MainTask
 .text.app_Main
                0xffffffff882401dc       0x48 C:/Users/rohir/OneDrive/Documents/a9g/a9g_gps_tracker/a9g_gps_tracker/firmware/build/app/app/lib\libapp_debug.a(app.o)
                0xffffffff882401dd                app_Main
 *(.stub .gnu.linkonce.t.*)
                0xffffffff88240240                . = ALIGN (0x20)
 *fill*         0xffffffff88240224       0x1c 00

.cust_rodata    0xffffffff88240240       0x60
 *(.rdata)
 *(.rodata)
 *(.rodata.*)
 .rodata.str1.4
                0xffffffff88240240       0x50 C:/Users/rohir/OneDrive/Documents/a9g/a9g_gps_tracker/a9g_gps_tracker/firmware/build/app/app/lib\libapp_debug.a(app.o)
 *(.rodata.*_png)
 *(.gnu.linkonce.r.*)
 *(.rodata1)
 *(.roresdata)
 *(.robsdata)
                0xffffffff882402a0                . = ALIGN (0x20)
 *fill*         0xffffffff88240290       0x10 00
                0xffffffff882402a0                __user_rw_lma = .
                0x00000000000002a0                __rom_size = (__user_rw_lma - __rom_start)
                0xffffffff82300000                . = 0xffffffff82300000

.cust_data      0xffffffff82300000       0x10 load address 0xffffffff882402a0
                0xffffffff82300000                __user_rw_start = .
 *(.data)
 *(.data.*)
 .data.cccc     0xffffffff82300000        0x4 C:/Users/rohir/OneDrive/Documents/a9g/a9g_gps_tracker/a9g_gps_tracker/firmware/build/app/app/lib\libapp_debug.a(app.o)
                0xffffffff82300000                cccc
 *(.gnu.linkonce.d.*)
 *(.sdata .sdata.* .gnu.linkonce.s.*)
 *(.sdata2 .sdata2.* .gnu.linkonce.s2.*)
                0xffffffff82300010                . = ALIGN (0x10)
 *fill*         0xffffffff82300004        0xc 00
                0xffffffff82300010                __user_rw_end = .
                0x0000000000000010                __user_rw_size = (__user_rw_end - __user_rw_start)
                0xffffffff82300010                __user_bss_start = .

.cust_bss       0xffffffff82300010       0x20
 *(.sbss .sbss.* .gnu.linkonce.sb.*)
 *(.sbss2 .sbss2.* .gnu.linkonce.sb2.*)
 *(.scommon)
 .scommon       0xffffffff82300010        0x4 C:/Users/rohir/OneDrive/Documents/a9g/a9g_gps_tracker/a9g_gps_tracker/firmware/build/app/init/lib\libinit_debug.a(sdk_init.o)
                0xffffffff82300010                temp000___
 *(.dynbss)
 *(.bss .bss.* .gnu.linkonce.b.*)
 .bss.g_InterfaceVtbl
                0xffffffff82300014        0x4 C:/Users/rohir/OneDrive/Documents/a9g/a9g_gps_tracker/a9g_gps_tracker/firmware/build/app/init/lib\libinit_debug.a(sdk_init.o)
                0xffffffff82300014                g_InterfaceVtbl
 .bss.aaaa      0xffffffff82300018        0x4 C:/Users/rohir/OneDrive/Documents/a9g/a9g_gps_tracker/a9g_gps_tracker/firmware/build/app/app/lib\libapp_debug.a(app.o)
                0xffffffff82300018                aaaa
 .bss.bbbb      0xffffffff8230001c        0x4 C:/Users/rohir/OneDrive/Documents/a9g/a9g_gps_tracker/a9g_gps_tracker/firmware/build/app/app/lib\libapp_debug.a(app.o)
                0xffffffff8230001c                bbbb
 .bss.mainTaskHandle
                0xffffffff82300020        0x4 C:/Users/rohir/OneDrive/Documents/a9g/a9g_gps_tracker/a9g_gps_tracker/firmware/build/app/app/lib\libapp_debug.a(app.o)
 .bss.secondTaskHandle
                0xffffffff82300024        0x4 C:/Users/rohir/OneDrive/Documents/a9g/a9g_gps_tracker/a9g_gps_tracker/firmware/build/app/app/lib\libapp_debug.a(app.o)
 .bss.ledBlueLevel.3541
                0xffffffff82300028        0x4 C:/Users/rohir/OneDrive/Documents/a9g/a9g_gps_tracker/a9g_gps_tracker/firmware/build/app/app/lib\libapp_debug.a(app.o)
 *(COMMON)
 *(.rambss)
                0xffffffff82300030                . = ALIGN (0x10)
 *fill*         0xffffffff8230002c        0x4 00
                0xffffffff82300030                __user_bss_end = .
                0x0000000000000020                __user_bss_size = (__user_bss_end - __user_bss_start)

.stab
 *(.stab)

.stabstr
 *(.stabstr)

.stab.excl
 *(.stab.excl)

.stab.exclstr
 *(.stab.exclstr)

.stab.index
 *(.stab.index)

.stab.indexstr
 *(.stab.indexstr)

.reginfo        0x0000000000000000       0x18
 .reginfo       0x0000000000000000       0x18 C:/Users/rohir/OneDrive/Documents/a9g/a9g_gps_tracker/a9g_gps_tracker/firmware/build/app/init/lib\libinit_debug.a(sdk_init.o)

.mdebug.abi32   0x0000000000000000        0x0
 .mdebug.abi32  0x0000000000000000        0x0 C:/Users/rohir/OneDrive/Documents/a9g/a9g_gps_tracker/a9g_gps_tracker/firmware/build/app/init/lib\libinit_debug.a(sdk_init.o)
 .mdebug.abi32  0x0000000000000000        0x0 C:/Users/rohir/OneDrive/Documents/a9g/a9g_gps_tracker/a9g_gps_tracker/firmware/build/app/app/lib\libapp_debug.a(app.o)

.gnu.attributes
                0x0000000000000000       0x10
 .gnu.attributes
                0x0000000000000000       0x10 C:/Users/rohir/OneDrive/Documents/a9g/a9g_gps_tracker/a9g_gps_tracker/firmware/build/app/init/lib\libinit_debug.a(sdk_init.o)
 .gnu.attributes
                0x0000000000000010       0x10 C:/Users/rohir/OneDrive/Documents/a9g/a9g_gps_tracker/a9g_gps_tracker/firmware/build/app/app/lib\libapp_debug.a(app.o)

.comment        0x0000000000000000       0x25
 *(.comment)
 .comment       0x0000000000000000       0x25 C:/Users/rohir/OneDrive/Documents/a9g/a9g_gps_tracker/a9g_gps_tracker/firmware/build/app/init/lib\libinit_debug.a(sdk_init.o)
                                         0x26 (size before relaxing)
 .comment       0x0000000000000000       0x26 C:/Users/rohir/OneDrive/Documents/a9g/a9g_gps_tracker/a9g_gps_tracker/firmware/build/app/app/lib\libapp_debug.a(app.o)

.debug
 *(.debug)

.line
 *(.line)

.debug_srcinfo
 *(.debug_srcinfo)

.debug_sfnames
 *(.debug_sfnames)

.debug_aranges  0x0000000000000000       0x60
 *(.debug_aranges)
 .debug_aranges
                0x0000000000000000       0x28 C:/Users/rohir/OneDrive/Documents/a9g/a9g_gps_tracker/a9g_gps_tracker/firmware/build/app/init/lib\libinit_debug.a(sdk_init.o)
 .debug_aranges
                0x0000000000000028       0x38 C:/Users/rohir/OneDrive/Documents/a9g/a9g_gps_tracker/a9g_gps_tracker/firmware/build/app/app/lib\libapp_debug.a(app.o)

.debug_pubnames
                0x0000000000000000       0xbc
 *(.debug_pubnames)
 .debug_pubnames
                0x0000000000000000       0x51 C:/Users/rohir/OneDrive/Documents/a9g/a9g_gps_tracker/a9g_gps_tracker/firmware/build/app/init/lib\libinit_debug.a(sdk_init.o)
 .debug_pubnames
                0x0000000000000051       0x6b C:/Users/rohir/OneDrive/Documents/a9g/a9g_gps_tracker/a9g_gps_tracker/firmware/build/app/app/lib\libapp_debug.a(app.o)

.debug_info     0x0000000000000000     0xa76b
 *(.debug_info .gnu.linkonce.wi.*)
 .debug_info    0x0000000000000000     0x52cc C:/Users/rohir/OneDrive/Documents/a9g/a9g_gps_tracker/a9g_gps_tracker/firmware/build/app/init/lib\libinit_debug.a(sdk_init.o)
 .debug_info    0x00000000000052cc     0x549f C:/Users/rohir/OneDrive/Documents/a9g/a9g_gps_tracker/a9g_gps_tracker/firmware/build/app/app/lib\libapp_debug.a(app.o)

.debug_abbrev   0x0000000000000000      0x4eb
 *(.debug_abbrev)
 .debug_abbrev  0x0000000000000000      0x24b C:/Users/rohir/OneDrive/Documents/a9g/a9g_gps_tracker/a9g_gps_tracker/firmware/build/app/init/lib\libinit_debug.a(sdk_init.o)
 .debug_abbrev  0x000000000000024b      0x2a0 C:/Users/rohir/OneDrive/Documents/a9g/a9g_gps_tracker/a9g_gps_tracker/firmware/build/app/app/lib\libapp_debug.a(app.o)

.debug_line     0x0000000000000000      0x617
 *(.debug_line)
 .debug_line    0x0000000000000000      0x2e7 C:/Users/rohir/OneDrive/Documents/a9g/a9g_gps_tracker/a9g_gps_tracker/firmware/build/app/init/lib\libinit_debug.a(sdk_init.o)
 .debug_line    0x00000000000002e7      0x330 C:/Users/rohir/OneDrive/Documents/a9g/a9g_gps_tracker/a9g_gps_tracker/firmware/build/app/app/lib\libapp_debug.a(app.o)

.debug_frame    0x0000000000000000       0xbc
 *(.debug_frame)
 .debug_frame   0x0000000000000000       0x44 C:/Users/rohir/OneDrive/Documents/a9g/a9g_gps_tracker/a9g_gps_tracker/firmware/build/app/init/lib\libinit_debug.a(sdk_init.o)
 .debug_frame   0x0000000000000044       0x78 C:/Users/rohir/OneDrive/Documents/a9g/a9g_gps_tracker/a9g_gps_tracker/firmware/build/app/app/lib\libapp_debug.a(app.o)

.debug_str      0x0000000000000000     0x4b29
 *(.debug_str)
 .debug_str     0x0000000000000000     0x4516 C:/Users/rohir/OneDrive/Documents/a9g/a9g_gps_tracker/a9g_gps_tracker/firmware/build/app/init/lib\libinit_debug.a(sdk_init.o)
                                       0x4723 (size before relaxing)
 .debug_str     0x0000000000004516      0x613 C:/Users/rohir/OneDrive/Documents/a9g/a9g_gps_tracker/a9g_gps_tracker/firmware/build/app/app/lib\libapp_debug.a(app.o)
                                       0x4c54 (size before relaxing)

.debug_loc      0x0000000000000000      0x106
 *(.debug_loc)
 .debug_loc     0x0000000000000000       0x5c C:/Users/rohir/OneDrive/Documents/a9g/a9g_gps_tracker/a9g_gps_tracker/firmware/build/app/init/lib\libinit_debug.a(sdk_init.o)
 .debug_loc     0x000000000000005c       0xaa C:/Users/rohir/OneDrive/Documents/a9g/a9g_gps_tracker/a9g_gps_tracker/firmware/build/app/app/lib\libapp_debug.a(app.o)

.debug_macinfo
 *(.debug_macinfo)

.debug_weaknames
 *(.debug_weaknames)

.debug_funcnames
 *(.debug_funcnames)

.debug_typenames
 *(.debug_typenames)

.debug_varnames
 *(.debug_varnames)

.gptab.sdata
 *(.gptab.data)
 *(.gptab.sdata)

.gptab.sbss
 *(.gptab.bss)
 *(.gptab.sbss)

/DISCARD/
 *(.rel.dyn)
 *(.note.GNU-stack)
 *(.eh_frame)
START GROUP
LOAD C:/Users/rohir/OneDrive/Documents/a9g/a9g_gps_tracker/a9g_gps_tracker/firmware/build/app/init/lib\libinit_debug.a
LOAD C:/Users/rohir/OneDrive/Documents/a9g/a9g_gps_tracker/a9g_gps_tracker/firmware/build/app/libs/lib\liblibs_debug.a
LOAD C:/Users/rohir/OneDrive/Documents/a9g/a9g_gps_tracker/a9g_gps_tracker/firmware/build/app/app/lib\libapp_debug.a
END GROUP
LOAD C:/Users/rohir/OneDrive/Documents/a9g/a9g_gps_tracker/a9g_gps_tracker/firmware/platform/lib/gcc/mips-elf/4.4.2\libgcc.a
OUTPUT(C:/Users/rohir/OneDrive/Documents/a9g/a9g_gps_tracker/a9g_gps_tracker/firmware/build/app//app.elf elf32-littlemips)

.debug_ranges   0x0000000000000000       0x50
 .debug_ranges  0x0000000000000000       0x20 C:/Users/rohir/OneDrive/Documents/a9g/a9g_gps_tracker/a9g_gps_tracker/firmware/build/app/init/lib\libinit_debug.a(sdk_init.o)
 .debug_ranges  0x0000000000000020       0x30 C:/Users/rohir/OneDrive/Documents/a9g/a9g_gps_tracker/a9g_gps_tracker/firmware/build/app/app/lib\libapp_debug.a(app.o)
